// Jest Snapshot v1, https://goo.gl/fbAQLP

exports[`Should render EditPage correctly 1`] = `
<div>
  <ExpenseForm
    expense={
      Object {
        "amount": 1000,
        "createAt": -345600000,
        "description": "first",
        "id": "1",
        "note": "note",
      }
    }
    onSubmit={[Function]}
  />
  <button
    onClick={[Function]}
  >
    Remove
  </button>
</div>
`;
