// Jest Snapshot v1, https://goo.gl/fbAQLP

exports[`Should render not found page 1`] = `
<p>
  404 Page 
  <Link
    to="/"
  >
    Go Home
  </Link>
</p>
`;
